go : command-line-arguments
En línea: 1 Carácter: 1
+ go build -v ./cmd/main.go 2>&1 | Tee-Object 
-FilePath build_output.tx ...
+ ~~~~~~~~~~~~~~~~~~~~~~~~~~~~~~
    + CategoryInfo          : NotSpecified: (command-l 
   ine-arguments:String) [], RemoteException
    + FullyQualifiedErrorId : NativeCommandError
 
# command-line-arguments
cmd\main.go:170:31: undefined: server.HealthHandler
